// Jest Snapshot v1, https://goo.gl/fbAQLP

exports[`useCalendar should create default calendar 1`] = `
Array [
  Object {
    "date": "2021-03-28T00:00:00.000Z",
    "dayOfMonth": "28",
    "isOutsideMonth": true,
    "isToday": false,
  },
  Object {
    "date": "2021-03-28T23:00:00.000Z",
    "dayOfMonth": "29",
    "isOutsideMonth": true,
    "isToday": false,
  },
  Object {
    "date": "2021-03-29T23:00:00.000Z",
    "dayOfMonth": "30",
    "isOutsideMonth": true,
    "isToday": false,
  },
  Object {
    "date": "2021-03-30T23:00:00.000Z",
    "dayOfMonth": "31",
    "isOutsideMonth": true,
    "isToday": false,
  },
  Object {
    "date": "2021-03-31T23:00:00.000Z",
    "dayOfMonth": "1",
    "isOutsideMonth": false,
    "isToday": true,
  },
  Object {
    "date": "2021-04-01T23:00:00.000Z",
    "dayOfMonth": "2",
    "isOutsideMonth": false,
    "isToday": false,
  },
  Object {
    "date": "2021-04-02T23:00:00.000Z",
    "dayOfMonth": "3",
    "isOutsideMonth": false,
    "isToday": false,
  },
  Object {
    "date": "2021-04-03T23:00:00.000Z",
    "dayOfMonth": "4",
    "isOutsideMonth": false,
    "isToday": false,
  },
  Object {
    "date": "2021-04-04T23:00:00.000Z",
    "dayOfMonth": "5",
    "isOutsideMonth": false,
    "isToday": false,
  },
  Object {
    "date": "2021-04-05T23:00:00.000Z",
    "dayOfMonth": "6",
    "isOutsideMonth": false,
    "isToday": false,
  },
  Object {
    "date": "2021-04-06T23:00:00.000Z",
    "dayOfMonth": "7",
    "isOutsideMonth": false,
    "isToday": false,
  },
  Object {
    "date": "2021-04-07T23:00:00.000Z",
    "dayOfMonth": "8",
    "isOutsideMonth": false,
    "isToday": false,
  },
  Object {
    "date": "2021-04-08T23:00:00.000Z",
    "dayOfMonth": "9",
    "isOutsideMonth": false,
    "isToday": false,
  },
  Object {
    "date": "2021-04-09T23:00:00.000Z",
    "dayOfMonth": "10",
    "isOutsideMonth": false,
    "isToday": false,
  },
  Object {
    "date": "2021-04-10T23:00:00.000Z",
    "dayOfMonth": "11",
    "isOutsideMonth": false,
    "isToday": false,
  },
  Object {
    "date": "2021-04-11T23:00:00.000Z",
    "dayOfMonth": "12",
    "isOutsideMonth": false,
    "isToday": false,
  },
  Object {
    "date": "2021-04-12T23:00:00.000Z",
    "dayOfMonth": "13",
    "isOutsideMonth": false,
    "isToday": false,
  },
  Object {
    "date": "2021-04-13T23:00:00.000Z",
    "dayOfMonth": "14",
    "isOutsideMonth": false,
    "isToday": false,
  },
  Object {
    "date": "2021-04-14T23:00:00.000Z",
    "dayOfMonth": "15",
    "isOutsideMonth": false,
    "isToday": false,
  },
  Object {
    "date": "2021-04-15T23:00:00.000Z",
    "dayOfMonth": "16",
    "isOutsideMonth": false,
    "isToday": false,
  },
  Object {
    "date": "2021-04-16T23:00:00.000Z",
    "dayOfMonth": "17",
    "isOutsideMonth": false,
    "isToday": false,
  },
  Object {
    "date": "2021-04-17T23:00:00.000Z",
    "dayOfMonth": "18",
    "isOutsideMonth": false,
    "isToday": false,
  },
  Object {
    "date": "2021-04-18T23:00:00.000Z",
    "dayOfMonth": "19",
    "isOutsideMonth": false,
    "isToday": false,
  },
  Object {
    "date": "2021-04-19T23:00:00.000Z",
    "dayOfMonth": "20",
    "isOutsideMonth": false,
    "isToday": false,
  },
  Object {
    "date": "2021-04-20T23:00:00.000Z",
    "dayOfMonth": "21",
    "isOutsideMonth": false,
    "isToday": false,
  },
  Object {
    "date": "2021-04-21T23:00:00.000Z",
    "dayOfMonth": "22",
    "isOutsideMonth": false,
    "isToday": false,
  },
  Object {
    "date": "2021-04-22T23:00:00.000Z",
    "dayOfMonth": "23",
    "isOutsideMonth": false,
    "isToday": false,
  },
  Object {
    "date": "2021-04-23T23:00:00.000Z",
    "dayOfMonth": "24",
    "isOutsideMonth": false,
    "isToday": false,
  },
  Object {
    "date": "2021-04-24T23:00:00.000Z",
    "dayOfMonth": "25",
    "isOutsideMonth": false,
    "isToday": false,
  },
  Object {
    "date": "2021-04-25T23:00:00.000Z",
    "dayOfMonth": "26",
    "isOutsideMonth": false,
    "isToday": false,
  },
  Object {
    "date": "2021-04-26T23:00:00.000Z",
    "dayOfMonth": "27",
    "isOutsideMonth": false,
    "isToday": false,
  },
  Object {
    "date": "2021-04-27T23:00:00.000Z",
    "dayOfMonth": "28",
    "isOutsideMonth": false,
    "isToday": false,
  },
  Object {
    "date": "2021-04-28T23:00:00.000Z",
    "dayOfMonth": "29",
    "isOutsideMonth": false,
    "isToday": false,
  },
  Object {
    "date": "2021-04-29T23:00:00.000Z",
    "dayOfMonth": "30",
    "isOutsideMonth": false,
    "isToday": false,
  },
  Object {
    "date": "2021-04-30T23:00:00.000Z",
    "dayOfMonth": "1",
    "isOutsideMonth": true,
    "isToday": false,
  },
]
`;
